2025-09-21 14:59:41 | INFO     | __main__:main:41 - Starting Trading Bot System
2025-09-21 14:59:41 | INFO     | src.bot_manager:run:201 - Starting Bot Manager
2025-09-21 14:59:41 | WARNING  | src.bot_manager:load_bot_configs:26 - Config file bot_configs.json not found, creating default configs
2025-09-21 14:59:42 | INFO     | src.database:_connect:31 - Connected to PostgreSQL database
2025-09-21 14:59:42 | INFO     | src.database:create_tables:112 - Database tables created successfully
2025-09-21 14:59:42 | ERROR    | src.bot:initialize:81 - Failed to initialize bot BTC Grid Bot: 'DatabaseManager' object has no attribute 'register_platform'
2025-09-21 14:59:42 | ERROR    | src.database:update_bot_status:193 - Error updating bot status: invalid input syntax for type uuid: "btc_grid_bot"
LINE 1: ...ated_at = '2025-09-21T07:59:42.241967' WHERE id = 'btc_grid_...
                                                             ^

2025-09-21 14:59:42 | ERROR    | src.bot_manager:start_bot:101 - Failed to start bot btc_grid_bot: invalid input syntax for type uuid: "btc_grid_bot"
LINE 1: ...ated_at = '2025-09-21T07:59:42.241967' WHERE id = 'btc_grid_...
                                                             ^

2025-09-21 14:59:42 | INFO     | src.database:_connect:31 - Connected to PostgreSQL database
2025-09-21 14:59:42 | INFO     | src.database:create_tables:112 - Database tables created successfully
2025-09-21 14:59:42 | ERROR    | src.bot:initialize:81 - Failed to initialize bot ETH Momentum Bot: 'DatabaseManager' object has no attribute 'register_platform'
2025-09-21 14:59:42 | ERROR    | src.database:update_bot_status:193 - Error updating bot status: invalid input syntax for type uuid: "eth_momentum_bot"
LINE 1: ...ated_at = '2025-09-21T07:59:42.765889' WHERE id = 'eth_momen...
                                                             ^

2025-09-21 14:59:42 | ERROR    | src.bot_manager:start_bot:101 - Failed to start bot eth_momentum_bot: invalid input syntax for type uuid: "eth_momentum_bot"
LINE 1: ...ated_at = '2025-09-21T07:59:42.765889' WHERE id = 'eth_momen...
                                                             ^

2025-09-21 14:59:42 | INFO     | src.bot_manager:start_all_bots:143 - Started 0 trading bots
2025-09-21 15:10:40 | INFO     | src.bot_manager:stop_all_bots:157 - Stopped all trading bots
2025-09-21 15:10:40 | INFO     | src.bot_manager:run:221 - Bot Manager stopped
2025-09-21 15:14:55 | INFO     | __main__:main:41 - Starting Trading Bot System
2025-09-21 15:14:55 | INFO     | src.bot_manager:run:201 - Starting Bot Manager
2025-09-21 15:14:55 | WARNING  | src.bot_manager:load_bot_configs:26 - Config file bot_configs.json not found, creating default configs
2025-09-21 15:14:55 | INFO     | src.database:_connect:31 - Connected to PostgreSQL database
2025-09-21 15:14:55 | INFO     | src.database:create_tables:113 - Database tables created successfully
2025-09-21 15:14:55 | INFO     | src.database:register_platform:302 - Platform binance registered successfully
2025-09-21 15:14:55 | INFO     | src.database:register_bot:354 - Bot btc_grid_bot registered with ID 1ccecdd7-dc5b-4715-8691-d074158ed02b
2025-09-21 15:14:58 | ERROR    | src.exchanges.binance_exchange:connect:33 - Failed to connect to Binance: object dict can't be used in 'await' expression
2025-09-21 15:14:58 | ERROR    | src.bot:initialize:69 - Failed to connect to exchange for bot BTC Grid Bot
2025-09-21 15:14:58 | ERROR    | src.bot_manager:start_bot:88 - Failed to initialize bot btc_grid_bot
2025-09-21 15:14:58 | INFO     | src.database:_connect:31 - Connected to PostgreSQL database
2025-09-21 15:14:58 | INFO     | src.database:create_tables:113 - Database tables created successfully
2025-09-21 15:14:58 | DEBUG    | src.database:register_platform:287 - Platform binance already exists
2025-09-21 15:14:58 | INFO     | src.database:register_bot:354 - Bot eth_momentum_bot registered with ID c813971a-0ff7-47ae-816b-f548539a8cc4
2025-09-21 15:15:00 | ERROR    | src.exchanges.binance_exchange:connect:33 - Failed to connect to Binance: object dict can't be used in 'await' expression
2025-09-21 15:15:00 | ERROR    | src.bot:initialize:69 - Failed to connect to exchange for bot ETH Momentum Bot
2025-09-21 15:15:00 | ERROR    | src.bot_manager:start_bot:88 - Failed to initialize bot eth_momentum_bot
2025-09-21 15:15:00 | INFO     | src.bot_manager:start_all_bots:143 - Started 0 trading bots
